  0.0.0.0.  
0.2.1.1.1.0.
0.1.1.2.1.0.
0.1.1.1.1.0.
0.2.1.1.2.0.
  0.0.0.0.  
X:(R C)>   0.0.0.0.  
0.2.1.1.1.0.
0.1.1.2.1.0.
0.1.1.1.1X0.
0.2.1.1.2.0.
  0.0.0.0.  
Player O placed at 1 1
  0.0.0.0.  
0.2O1.1.1.0.
0.1.1.2.1.0.
0.1.1.1.1X0.
0.2.1.1.2.0.
  0.0.0.0.  
X:(R C)>   0.0.0.0.  
0.2O1.1.1.0.
0.1.1.2X1.0.
0.1.1.1.1X0.
0.2.1.1.2.0.
  0.0.0.0.  
Player O placed at 1 2
  0.0.0.0.  
0.2O1O1.1.0.
0.1.1.2X1.0.
0.1.1.1.1X0.
0.2.1.1.2.0.
  0.0.0.0.  
X:(R C)>   0.0.0.0.  
0.2O1O1.1X0.
0.1.1.2X1.0.
0.1.1.1.1X0.
0.2.1.1.2.0.
  0.0.0.0.  
Player O placed at 1 3
  0.0.0.0.  
0.2O1O1O1X0.
0.1.1.2X1.0.
0.1.1.1.1X0.
0.2.1.1.2.0.
  0.0.0.0.  
X:(R C)> 