  0.0.0.0.0.0.0.0.  
0.1.1.1.1.1.1.1.1.0.
0.1.1.1.1.1.1.1.1.0.
  0.0.0.0.0.0.0.0.  
Player O placed at 1 1
  0.0.0.0.0.0.0.0.  
0.1O1.1.1.1.1.1.1.0.
0.1.1.1.1.1.1.1.1.0.
  0.0.0.0.0.0.0.0.  
X:(R C)> X:(R C)>   0.0.0.0.0.0.0.0.  
0.1X1O1.1.1.1.1.1.0.
0.1.1.1.1.1.1.1.1.0.
  0.0.0.0.0.0.0.0.  
Player O placed at 1 3
  0.0.0.0.0.0.0.0.  
0.1X1O1O1.1.1.1.1.0.
0.1.1.1.1.1.1.1.1.0.
  0.0.0.0.0.0.0.0.  
X:(R C)>   0.0.0.0.0.0.0.0.  
0.1X1O1O1.1.1.1.1.0.
0.1X1.1.1.1.1.1.1.0.
  0.0.0.0.0.0.0.0.  
Player O placed at 0 1
  0.0.0.0.0.0.0.0.  
0.1O1O1O1.1.1.1.1.0.
0.1X1.1.1.1.1.1.1.0.
  0X0.0.0.0.0.0.0.  
X:(R C)>   0.0.0.0.0.0.0.0.  
0.1O1O1O1.1.1.1.1.0.
0.1X1.1X1.1.1.1.1.0.
  0X0.0.0.0.0.0.0.  
Player O placed at 0 3
  0.0.0.0.0.0.0.0.  
0.1O1O1O1.1.1.1.1.0.
0.1X1.1O1.1.1.1.1.0.
  0X0.0X0.0.0.0.0.  
X:(R C)> X:(R C)>   0.0.0.0.0.0.0.0.  
0.1O1O1O1.1X1.1.1.0.
0.1X1.1O1.1.1.1.1.0.
  0X0.0X0.0.0.0.0.  
Player O placed at 1 4
  0.0.0.0.0.0.0.0.  
0.1O1O1O1O1X1.1.1.0.
0.1X1.1O1.1.1.1.1.0.
  0X0.0X0.0.0.0.0.  
X:(R C)> 