  0.0.0.0.0.0.0.0.  
0.1.1.1.1.1.1.1.1.0.
0.1.1.1.1.1.1.1.1.0.
  0.0.0.0.0.0.0.0.  
Player O placed at 1 1
  0.0.0.0.0.0.0.0.  
0.1O1.1.1.1.1.1.1.0.
0.1.1.1.1.1.1.1.1.0.
  0.0.0.0.0.0.0.0.  
Player X placed at 1 2
  0.0.0.0.0.0.0.0.  
0.1O1X1.1.1.1.1.1.0.
0.1.1.1.1.1.1.1.1.0.
  0.0.0.0.0.0.0.0.  
Player O placed at 1 3
  0.0.0.0.0.0.0.0.  
0.1O1X1O1.1.1.1.1.0.
0.1.1.1.1.1.1.1.1.0.
  0.0.0.0.0.0.0.0.  
Player X placed at 1 4
  0.0.0.0.0.0.0.0.  
0.1O1X1O1X1.1.1.1.0.
0.1.1.1.1.1.1.1.1.0.
  0.0.0.0.0.0.0.0.  
Player O placed at 1 5
  0.0.0.0.0.0.0.0.  
0.1O1X1O1X1O1.1.1.0.
0.1.1.1.1.1.1.1.1.0.
  0.0.0.0.0.0.0.0.  
Player X placed at 1 6
  0.0.0.0.0.0.0.0.  
0.1O1X1O1X1O1X1.1.0.
0.1.1.1.1.1.1.1.1.0.
  0.0.0.0.0.0.0.0.  
Player O placed at 1 7
  0.0.0.0.0.0.0.0.  
0.1O1X1O1X1O1X1O1.0.
0.1.1.1.1.1.1.1.1.0.
  0.0.0.0.0.0.0.0.  
Player X placed at 1 8
  0.0.0.0.0.0.0.0.  
0.1O1X1O1X1O1X1O1X0.
0.1.1.1.1.1.1.1.1.0.
  0.0.0.0.0.0.0.0.  
Player O placed at 1 0
  0.0.0.0.0.0.0.0.  
0.1O1O1X1O1X1O1X1O0X
0.1.1.1.1.1.1.1.1.0.
  0.0.0.0.0.0.0.0.  
Player X placed at 2 1
  0.0.0.0.0.0.0.0.  
0.1O1O1X1O1X1O1X1O0X
0.1X1.1.1.1.1.1.1.0.
  0.0.0.0.0.0.0.0.  
Player O placed at 0 1
  0.0.0.0.0.0.0.0.  
0.1O1O1X1O1X1O1X1O0X
0.1O1.1.1.1.1.1.1.0.
  0X0.0.0.0.0.0.0.  
Player X placed at 2 2
  0.0.0.0.0.0.0.0.  
0.1O1O1X1O1X1O1X1O0X
0.1O1X1.1.1.1.1.1.0.
  0X0.0.0.0.0.0.0.  
Player O placed at 0 2
  0.0.0.0.0.0.0.0.  
0.1O1O1X1O1X1O1X1O0X
0.1O1O1.1.1.1.1.1.0.
  0X0X0.0.0.0.0.0.  
Player X placed at 2 3
  0.0.0.0.0.0.0.0.  
0.1O1O1X1O1X1O1X1O0X
0.1O1O1X1.1.1.1.1.0.
  0X0X0.0.0.0.0.0.  
Player O placed at 0 3
  0.0.0.0.0.0.0.0.  
0.1O1O1O1O1X1O1X1O0X
0.1O1O1X1.1.1.1.1.0.
  0X0X0X0.0.0.0.0.  
Player X placed at 2 4
  0.0.0.0.0.0.0.0.  
0.1O1O1O1O1X1O1X1O0X
0.1O1O1X1X1.1.1.1.0.
  0X0X0X0.0.0.0.0.  
Player O placed at 0 4
  0.0.0.0.0.0.0.0.  
0.1O1O1O1O1X1O1X1O0X
0.1O1O1X1O1.1.1.1.0.
  0X0X0X0X0.0.0.0.  
Player X placed at 2 5
  0.0.0.0.0.0.0.0.  
0.1O1O1O1O1X1O1X1O0X
0.1O1O1X1O1X1.1.1.0.
  0X0X0X0X0.0.0.0.  
Player O placed at 0 5
  0.0.0.0.0.0.0.0.  
0.1O1O1O1O1O1O1X1O0X
0.1O1O1X1O1X1.1.1.0.
  0X0X0X0X0X0.0.0.  
Player X placed at 2 6
  0.0.0.0.0.0.0.0.  
0.1O1O1O1O1O1O1X1O0X
0.1O1O1X1O1X1X1.1.0.
  0X0X0X0X0X0.0.0.  
Player O placed at 0 6
  0.0.0.0.0.0.0.0.  
0.1O1O1O1O1O1O1X1O0X
0.1O1O1X1O1X1O1.1.0.
  0X0X0X0X0X0X0.0.  
Player X placed at 2 7
  0.0.0.0.0.0.0.0.  
0.1O1O1O1O1O1O1X1O0X
0.1O1O1X1O1X1O1X1.0.
  0X0X0X0X0X0X0.0.  
Player O placed at 0 7
  0.0.0.0.0.0.0.0.  
0.1O1O1O1O1O1O1O1O0X
0.1O1O1X1O1X1O1X1.0.
  0X0X0X0X0X0X0X0.  
Player X placed at 2 8
  0.0.0.0.0.0.0.0.  
0.1O1O1O1O1O1O1O1O0X
0.1O1O1X1O1X1O1X1X0.
  0X0X0X0X0X0X0X0.  
Winners: O
