  0.0.  
0.1.2.0.
0.1.4.0.
0.3.1.0.
0.2.1.0.
  0.0.  
Player X placed at 4 2
  0.0.  
0.1.2.0.
0.1.4.0.
0.3.1.0.
0.2.1X0.
  0.0.  
Player O placed at 1 1
  0.0.  
0.1O2.0.
0.1.4.0.
0.3.1.0.
0.2.1X0.
  0.0.  
Player X placed at 4 1
  0.0.  
0.1O2.0.
0.1.4.0.
0.3.1.0.
0.2X1X0.
  0.0.  
Player O placed at 1 2
  0.0.  
0.1O2O0.
0.1.4.0.
0.3.1.0.
0.2X1X0.
  0.0.  
Player X placed at 3 2
  0.0.  
0.1O2O0.
0.1.4.0.
0.3.1X0.
0.2X1X0.
  0.0.  
Player O placed at 2 1
  0.0.  
0.1O2O0.
0.1O4.0.
0.3.1X0.
0.2X1X0.
  0.0.  
Player X placed at 3 1
  0.0.  
0.1O2O0.
0.1O4.0.
0.3X1X0.
0.2X1X0.
  0.0.  
Player O placed at 2 2
  0.0.  
0.1O2O0.
0.1O4O0.
0.3X1X0.
0.2X1X0.
  0.0.  
Winners: O
