  0.0.0.0.  
0.2.1.1.1.0.
0.1.1.2.1.0.
0.1.1.1.1.0.
0.2.1.1.2.0.
  0.0.0.0.  
Player X placed at 1 1
  0.0.0.0.  
0.2X1.1.1.0.
0.1.1.2.1.0.
0.1.1.1.1.0.
0.2.1.1.2.0.
  0.0.0.0.  
Player O placed at 0 1
  0.0.0.0.  
0.2O1.1.1.0.
0.1X1.2.1.0.
0.1.1.1.1.0.
0.2.1.1.2.0.
  0.0.0.0.  
Player X placed at 0 1
  0.0.0.0.  
0.2X1.1.1.0.
0.1O1.2.1.0.
0.1X1.1.1.0.
0.2.1.1.2.0.
  0.0.0.0.  
Player O placed at 1 0
  0.0.0.0.  
0.2O1X1.1.0.
0.1O1.2.1.0.
0.1X1.1.1.0.
0.2.1.1.2.0.
  0.0.0.0.  
Player X placed at 0 1
  0.0.0.0.  
0.2X1X1.1.0.
0.1O1.2.1.0.
0.1O1.1.1.0.
0.2X1.1.2.0.
  0.0.0.0.  
Player O placed at 0 1
  0.0.0.0.  
0.2O1X1.1.0.
0.1X1.2.1.0.
0.1O1.1.1.0.
0.2O1.1.2.0.
  0X0.0.0.  
Player X placed at 4 0
  0.0.0.0.  
0.2O1X1.1.0.
0.1X1.2.1.0.
0.1O1.1.1.0.
0.2X1O1.2.0.
  0X0.0.0.  
Player O placed at 4 0
  0.0.0.0.  
0.2O1X1.1.0.
0.1X1.2.1.0.
0.1O1.1.1.0.
0.2O1X1O2.0.
  0X0.0.0.  
Player X placed at 1 0
  0.0.0.0.  
0.2X1O1X1.0.
0.1X1.2.1.0.
0.1O1.1.1.0.
0.2O1X1O2.0.
  0X0.0.0.  
Player O placed at 1 0
  0.0.0.0.  
0.2O1X1O1X0.
0.1X1.2.1.0.
0.1O1.1.1.0.
0.2O1X1O2.0.
  0X0.0.0.  
Player X placed at 1 5
  0.0.0.0.  
0O2X1O1X1X0.
0.1X1.2.1.0.
0.1O1.1.1.0.
0.2O1X1O2.0.
  0X0.0.0.  
Player O placed at 2 3
  0.0.0.0.  
0O2X1O1X1X0.
0.1X1.2O1.0.
0.1O1.1.1.0.
0.2O1X1O2.0.
  0X0.0.0.  
Player X placed at 0 3
  0.0.0.0.  
0O2X1O1X1X0.
0.1X1.2X1.0.
0.1O1.1O1.0.
0.2O1X1O2.0.
  0X0.0.0.  
Player O placed at 5 3
  0.0.0X0.  
0O2X1O1X1X0.
0.1X1.2O1.0.
0.1O1.1O1.0.
0.2O1X1O2.0.
  0X0.0.0.  
Player X placed at 4 4
  0.0.0X0.  
0O2X1O1X1X0.
0.1X1.2O1.0.
0.1O1.1O1.0.
0.2O1X1O2X0.
  0X0.0.0.  
Player O placed at 5 4
  0.0.0X0.  
0O2X1O1X1X0.
0.1X1.2O1.0.
0.1O1.1O1X0.
0.2O1X1O2O0.
  0X0.0.0.  
Player X placed at 4 5
  0.0.0X0.  
0O2X1O1X1X0.
0.1X1.2O1.0.
0.1O1.1O1X0.
0O2X1O1O2X0.
  0X0.0.0.  
Player O placed at 5 4
  0.0.0X0.  
0O2X1O1X1X0.
0.1X1.2O1X0.
0.1O1.1O1X0.
0O2X1O1O2O0.
  0X0.0.0.  
Player X placed at 0 4
  0.0.0X0.  
0O2X1O1X1X0.
0.1X1.2O1X0.
0.1O1.1O1X0.
0O2X1O1O2X0.
  0X0.0.0O  
Player O placed at 2 2
  0.0.0X0.  
0O2X1O1X1X0.
0.1X1O2O1X0.
0.1O1.1O1X0.
0O2X1O1O2X0.
  0X0.0.0O  
Player X placed at 2 5
  0.0.0X0.  
0O2X1O1X1X0.
0X1O1O2X1X0.
0.1O1.1O1X0.
0O2X1O1O2X0.
  0X0.0.0O  
Player O placed at 3 2
  0.0.0X0.  
0O2X1O1X1X0.
0X1O1O2X1X0.
0.1O1O1O1X0.
0O2X1O1O2X0.
  0X0.0.0O  
Winners: X
