  0.0.0.0.0.0.0.0.  
0.1.1.1.1.1.1.1.1.0.
0.1.1.1.1.1.1.1.1.0.
  0.0.0.0.0.0.0.0.  
Player O placed at 1 1
  0.0.0.0.0.0.0.0.  
0.1O1.1.1.1.1.1.1.0.
0.1.1.1.1.1.1.1.1.0.
  0.0.0.0.0.0.0.0.  
Player X placed at 2 8
  0.0.0.0.0.0.0.0.  
0.1O1.1.1.1.1.1.1.0.
0.1.1.1.1.1.1.1.1X0.
  0.0.0.0.0.0.0.0.  
Player O placed at 1 2
  0.0.0.0.0.0.0.0.  
0.1O1O1.1.1.1.1.1.0.
0.1.1.1.1.1.1.1.1X0.
  0.0.0.0.0.0.0.0.  
Player X placed at 2 7
  0.0.0.0.0.0.0.0.  
0.1O1O1.1.1.1.1.1.0.
0.1.1.1.1.1.1.1X1X0.
  0.0.0.0.0.0.0.0.  
Player O placed at 1 3
  0.0.0.0.0.0.0.0.  
0.1O1O1O1.1.1.1.1.0.
0.1.1.1.1.1.1.1X1X0.
  0.0.0.0.0.0.0.0.  
Player X placed at 2 6
  0.0.0.0.0.0.0.0.  
0.1O1O1O1.1.1.1.1.0.
0.1.1.1.1.1.1X1X1X0.
  0.0.0.0.0.0.0.0.  
Player O placed at 1 4
  0.0.0.0.0.0.0.0.  
0.1O1O1O1O1.1.1.1.0.
0.1.1.1.1.1.1X1X1X0.
  0.0.0.0.0.0.0.0.  
Player X placed at 2 5
  0.0.0.0.0.0.0.0.  
0.1O1O1O1O1.1.1.1.0.
0.1.1.1.1.1X1X1X1X0.
  0.0.0.0.0.0.0.0.  
Player O placed at 1 5
  0.0.0.0.0.0.0.0.  
0.1O1O1O1O1O1.1.1.0.
0.1.1.1.1.1X1X1X1X0.
  0.0.0.0.0.0.0.0.  
Player X placed at 2 4
  0.0.0.0.0.0.0.0.  
0.1O1O1O1O1O1.1.1.0.
0.1.1.1.1X1X1X1X1X0.
  0.0.0.0.0.0.0.0.  
Player O placed at 1 6
  0.0.0.0.0.0.0.0.  
0.1O1O1O1O1O1O1.1.0.
0.1.1.1.1X1X1X1X1X0.
  0.0.0.0.0.0.0.0.  
Player X placed at 2 3
  0.0.0.0.0.0.0.0.  
0.1O1O1O1O1O1O1.1.0.
0.1.1.1X1X1X1X1X1X0.
  0.0.0.0.0.0.0.0.  
Player O placed at 1 7
  0.0.0.0.0.0.0.0.  
0.1O1O1O1O1O1O1O1.0.
0.1.1.1X1X1X1X1X1X0.
  0.0.0.0.0.0.0.0.  
Player X placed at 2 2
  0.0.0.0.0.0.0.0.  
0.1O1O1O1O1O1O1O1.0.
0.1.1X1X1X1X1X1X1X0.
  0.0.0.0.0.0.0.0.  
Player O placed at 1 8
  0.0.0.0.0.0.0.0.  
0.1O1O1O1O1O1O1O1O0.
0.1.1X1X1X1X1X1X1X0.
  0.0.0.0.0.0.0.0.  
Player X placed at 2 1
  0.0.0.0.0.0.0.0.  
0.1O1O1O1O1O1O1O1O0.
0.1X1X1X1X1X1X1X1X0.
  0.0.0.0.0.0.0.0.  
Winners: O X
