  0.0.0.0.  
0.2.1.1.1.0.
0.1.1.2.1.0.
0.1.1.1.1.0.
0.2.1.1.2.0.
  0.0.0.0.  
Player X placed at 4 4
  0.0.0.0.  
0.2.1.1.1.0.
0.1.1.2.1.0.
0.1.1.1.1.0.
0.2.1.1.2X0.
  0.0.0.0.  
Player O placed at 1 1
  0.0.0.0.  
0.2O1.1.1.0.
0.1.1.2.1.0.
0.1.1.1.1.0.
0.2.1.1.2X0.
  0.0.0.0.  
Player X placed at 4 3
  0.0.0.0.  
0.2O1.1.1.0.
0.1.1.2.1.0.
0.1.1.1.1.0.
0.2.1.1X2X0.
  0.0.0.0.  
Player O placed at 1 2
  0.0.0.0.  
0.2O1O1.1.0.
0.1.1.2.1.0.
0.1.1.1.1.0.
0.2.1.1X2X0.
  0.0.0.0.  
Player X placed at 4 2
  0.0.0.0.  
0.2O1O1.1.0.
0.1.1.2.1.0.
0.1.1.1.1.0.
0.2.1X1X2X0.
  0.0.0.0.  
Player O placed at 1 3
  0.0.0.0.  
0.2O1O1O1.0.
0.1.1.2.1.0.
0.1.1.1.1.0.
0.2.1X1X2X0.
  0.0.0.0.  
Player X placed at 4 1
  0.0.0.0.  
0.2O1O1O1.0.
0.1.1.2.1.0.
0.1.1.1.1.0.
0.2X1X1X2X0.
  0.0.0.0.  
Player O placed at 1 4
  0.0.0.0.  
0.2O1O1O1O0.
0.1.1.2.1.0.
0.1.1.1.1.0.
0.2X1X1X2X0.
  0.0.0.0.  
Player X placed at 3 4
  0.0.0.0.  
0.2O1O1O1O0.
0.1.1.2.1.0.
0.1.1.1.1X0.
0.2X1X1X2X0.
  0.0.0.0.  
Player O placed at 2 1
  0.0.0.0.  
0.2O1O1O1O0.
0.1O1.2.1.0.
0.1.1.1.1X0.
0.2X1X1X2X0.
  0.0.0.0.  
Player X placed at 3 3
  0.0.0.0.  
0.2O1O1O1O0.
0.1O1.2.1.0.
0.1.1.1X1X0.
0.2X1X1X2X0.
  0.0.0.0.  
Player O placed at 2 2
  0.0.0.0.  
0.2O1O1O1O0.
0.1O1O2.1.0.
0.1.1.1X1X0.
0.2X1X1X2X0.
  0.0.0.0.  
Player X placed at 3 2
  0.0.0.0.  
0.2O1O1O1O0.
0.1O1O2.1.0.
0.1.1X1X1X0.
0.2X1X1X2X0.
  0.0.0.0.  
Player O placed at 2 3
  0.0.0.0.  
0.2O1O1O1O0.
0.1O1O2O1.0.
0.1.1X1X1X0.
0.2X1X1X2X0.
  0.0.0.0.  
Player X placed at 3 1
  0.0.0.0.  
0.2O1O1O1O0.
0.1O1O2O1.0.
0.1X1X1X1X0.
0.2X1X1X2X0.
  0.0.0.0.  
Player O placed at 2 4
  0.0.0.0.  
0.2O1O1O1O0.
0.1O1O2O1O0.
0.1X1X1X1X0.
0.2X1X1X2X0.
  0.0.0.0.  
Winners: O X
